 *******************************************************************************
 **                                                                           **
 **                              MOPAC v22.1.1                                **
 **                                                                           **
 *******************************************************************************
 **          Digital Object Identifier (DOI): 10.5281/zenodo.6511958          **
 **    Visit the DOI location for information on how to cite this program.    **
 *******************************************************************************

                              AM1 CALCULATION RESULTS

 *******************************************************************************
 *  CALCULATION DONE:                                Wed Oct 16 19:23:29 2024  *
 *  AM1        - The AM1 Hamiltonian to be used
 *  T=         - A TIME OF 172800.0 SECONDS REQUESTED
 *  DUMP=N     - RESTART FILE WRITTEN EVERY 7200.0 SECONDS REQUESTED
 *******************************************************************************
AM1
 Formic acid
 Example of normal geometry definition
  ATOM    CHEMICAL      BOND LENGTH      BOND ANGLE     TWIST ANGLE 
 NUMBER    SYMBOL       (ANGSTROMS)      (DEGREES)       (DEGREES) 
   (I)                     NA:I           NB:NA:I       NC:NB:NA:I       NA    NB    NC 
     1       O          0.00000000       0.0000000       0.0000000        0     0     0
     2       C          1.20000000  *    0.0000000       0.0000000        0     0     0
     3       O          1.32000000  *  116.8000000  *    0.0000000        2     1     0
     4       H          0.98000000  *  123.9000000  *    0.0000000        3     2     1
     5       H          1.11000000  *  127.3000000  *  180.0000000        2     1     3



          CARTESIAN COORDINATES 

    NO.       ATOM           X           Y           Z

     1         O          0.0000      0.0000      0.0000
     2         C          1.2000      0.0000      0.0000
     3         O          1.7952      1.1782      0.0000
     4         H          1.3156      2.0328      0.0000
     5         H          1.8726     -0.8830      0.0000

  H: (AM1): M.J.S. DEWAR ET AL, J. AM. CHEM. SOC. 107 3902-3909 (1985)
  C: (AM1): M.J.S. DEWAR ET AL, J. AM. CHEM. SOC. 107 3902-3909 (1985)
  O: (AM1): M.J.S. DEWAR ET AL, J. AM. CHEM. SOC. 107 3902-3909 (1985)

           Empirical Formula: C H2 O2  =     5 atoms



      MOLECULAR POINT GROUP   :   Cs  


      RHF CALCULATION, NO. OF DOUBLY OCCUPIED LEVELS = 9

  Received MDI command-line options: -role ENGINE -name TESTCODE -method TCP -hostname mdi_mechanic -port 8021
  Received MDI communicator:            1
  Received MDI command: EXIT

 **********************
 *                    *
 * JOB ENDED NORMALLY *
 *                    *
 **********************



 TOTAL JOB TIME:             1.13 SECONDS

 == MOPAC DONE ==
